core_cm4.h:1688:22:__NVIC_EnableIRQ	16	static
main.c:62:6:Interrupts_start	8	static,ignoring_inline_asm
main.c:74:6:HAL_TIM_IC_CaptureCallback	24	static
main.c:97:6:HAL_TIM_PeriodElapsedCallback	16	static
main.c:122:6:USART2_IRQHandler	8	static
main.c:132:6:HAL_ADC_ConvCpltCallback	24	static
main.c:155:5:main	16	static
main.c:236:6:USART2_write	16	static
main.c:241:6:USART_PRINT	24	static
main.c:253:6:SystemClock_Config	232	static
main.c:314:13:MX_NVIC_Init	8	static
main.c:335:13:MX_ADC1_Init	48	static
main.c:401:13:MX_TIM1_Init	40	static
main.c:451:13:MX_TIM6_Init	24	static
main.c:489:13:MX_USART2_UART_Init	8	static
main.c:524:13:MX_GPIO_Init	48	static
main.c:580:6:Error_Handler	4	static
