core_cm4.h:1688:22:__NVIC_EnableIRQ	16	static
main.c:68:6:Interrupts_start	8	static,ignoring_inline_asm
main.c:80:6:HAL_TIM_IC_CaptureCallback	16	static
main.c:102:6:HAL_TIM_PeriodElapsedCallback	16	static
main.c:127:6:USART2_IRQHandler	8	static
main.c:137:6:HAL_ADC_ConvCpltCallback	24	static
main.c:160:5:main	16	static
main.c:258:6:USART2_write	16	static
main.c:263:6:USART_PRINT	24	static
main.c:275:6:SystemClock_Config	232	static
main.c:336:13:MX_NVIC_Init	8	static
main.c:357:13:MX_ADC1_Init	48	static
main.c:423:13:MX_TIM1_Init	40	static
main.c:473:13:MX_TIM6_Init	24	static
main.c:511:13:MX_USART2_UART_Init	8	static
main.c:546:13:MX_GPIO_Init	48	static
main.c:602:6:Error_Handler	4	static
